2026-09-30 15:40:18.667 | DEBUG    | ttnn:<module>:45 - Initial ttnn.CONFIG:
Config{cache_path=/home/deepgadget/.cache/ttnn,model_cache_path=/home/deepgadget/.cache/ttnn/models,tmp_dir=/tmp/ttnn,enable_model_cache=false,enable_fast_runtime_mode=true,validate_program_args=false,throw_exception_on_fallback=false,enable_logging=false,enable_graph_report=false,enable_graph_python_stack_traces=false,enable_detailed_buffer_report=false,enable_detailed_tensor_report=false,enable_comparison_mode=false,comparison_mode_should_raise_exception=false,comparison_mode_pcc=0.9999,root_report_path=generated/ttnn/reports,report_name=std::nullopt,std::nullopt}
2026-09-30 15:40:19.016 | info     |          Device | Opening user mode device driver (tt_cluster.cpp:224)
2026-09-30 15:40:19.016 | info     |             UMD | Cluster constructor started. (cluster.cpp:408)
2026-09-30 15:40:19.016 | info     |             UMD | Creating TopologyDiscovery for architecture: blackhole (topology_discovery.cpp:96)
2026-09-30 15:40:19.016 | info     |             UMD | Starting topology discovery. (topology_discovery.cpp:115)
2026-09-30 15:40:19.019 | info     |             UMD | Established firmware bundle version: 19.12.0 (topology_discovery.cpp:576)
2026-09-30 15:40:19.019 | info     |             UMD | Completed topology discovery. (topology_discovery.cpp:119)
2026-09-30 15:40:19.275 | info     |             UMD | Opening local chip ids/PCIe ids: {0}/[0] and remote chip ids {} (cluster.cpp:175)
2026-09-30 15:40:19.275 | info     |             UMD | IOMMU: disabled (cluster.cpp:149)
2026-09-30 15:40:19.275 | info     |             UMD | KMD version: 2.11.0 (cluster.cpp:152)
2026-09-30 15:40:19.275 | info     |             UMD | Cluster constructor completed. (cluster.cpp:683)
2026-09-30 15:40:19.275 | info     |             UMD | Starting devices in cluster (cluster.cpp:1289)
2026-09-30 15:40:19.278 | info     |             UMD | Starting devices in cluster completed. (cluster.cpp:1297)
2026-09-30 15:40:19.637 | info     |     Distributed | Using auto discovery to generate mesh graph. (metal_env.cpp:422)
2026-09-30 15:40:19.637 | info     |     Distributed | Constructing control plane using auto-discovery (no mesh graph descriptor). (metal_env.cpp:484)
2026-09-30 15:40:19.637 | warning  |          Always | Unknown motherboard 'ProArt X870E-CREATOR WIFI' for chip_id=0 (bus_id=0x3) — falling back to bus_id as tray_id. Add this motherboard and its bus IDs to mobo_to_bus_ids in physical_system_discovery.cpp. (physical_system_discovery.cpp:119)
2026-09-30 15:40:19.637 | info     |          Fabric | Logical multi-mesh adjacency: intermesh degree histogram {0:1}; intra-mesh degree histograms mesh0 {0:1} (topology_mapper_utils.cpp:3190)
2026-09-30 15:40:19.637 | info     |          Fabric | Physical multi-mesh adjacency: intermesh degree histogram {0:1}; intra-mesh degree histograms mesh0 {0:1} (topology_mapper_utils.cpp:3198)
2026-09-30 15:40:19.770 | info     |           Metal | Enabling program cache on MeshDevice 1 (mesh_device.cpp:1176)
[pi0.5] expert adaRMS norms folded into per-step weights in 2.8s
2026-09-30 15:40:52 obs 1 14238.7 ms 7f070cd96b1e0d17
2026-09-30 15:40:53 obs 2 72.6 ms cdf9382906edc0a8
2026-09-30 15:40:53 obs 3 72.2 ms 4c782cbce0bcf16c
2026-09-30 15:40:53 obs 4 72.4 ms 486582dbafb5d4d0
2026-09-30 15:40:53 obs 5 72.2 ms ce81d83991dcefcb
2026-09-30 15:40:53 obs 6 72.2 ms f1bcfee05d56eed9
2026-09-30 15:40:53 obs 701 72.2 ms eb5db02d44b3ff34
2026-09-30 15:40:53 obs 702 72.3 ms 9edd51ffe85a5895
2026-09-30 15:40:53 obs 703 72.3 ms c6d3a449f6c2bc5c
2026-09-30 15:40:53 obs 704 72.0 ms 5dcd9b15811d35ec
2026-09-30 15:40:53 obs 705 72.0 ms 1e4229f9e45118cf
2026-09-30 15:40:53 obs 706 72.2 ms 8bf6c60439bdb400
2026-09-30 15:40:53 obs 707 72.2 ms b8f916e003d3737f
2026-09-30 15:40:54 obs 708 72.2 ms d9b8dd5a1bd0c789
2026-09-30 15:40:54 obs 709 72.2 ms 273355271dbcf813
2026-09-30 15:40:54 obs 710 72.3 ms 184e3dd3a6bc39a4
2026-09-30 15:40:54 obs 711 72.2 ms fa1e4622ace45ff4
2026-09-30 15:40:54 obs 712 72.2 ms 5f3af0651f91e5b6
2026-09-30 15:40:54 obs 713 72.0 ms 934e0e1251baa6fa
2026-09-30 15:40:54 obs 714 72.0 ms 8b525a75344abe1e
2026-09-30 15:40:54 obs 715 72.0 ms f331f8deca6db3fd
2026-09-30 15:40:54 obs 716 72.2 ms b580bde01ce8cf59
RESULT {"t0": "2026-09-30 15:40:18", "arm_env": "expert", "shape": "base", "open_kwargs": {"device_id": 0, "l1_small_size": 24576, "trace_region_size": 160000000, "worker_l1_size": 1395712}, "smi_open": {"t": "2026-09-30 15:40:19", "aiclk": " 800", "power": " 20.0", "temp": "45.9"}, "stamp": {"backend": "expert", "program": {"kernel_digest": "328761c8a1ce3fd9", "sources": ["mk_brisc.cpp", "mk_defs.hpp", "mk_dm.hpp", "mk_ncrisc.cpp", "mk_trisc.cpp"]}}, "traced": true, "prefix_len": 736, "kv_cache_shape": [1, 1, 800, 256], "kv_cache_dtype": "DataType.BFLOAT8_B", "distinct_outputs": 22, "ten_calls_eq_first": [true, true, true, true, true, true, true, true, true, true], "ten_raw_replays_eq_first": [true, true, true, true, true, true, true, true, true, true], "poison_readback_all_7": true, "after_poison_eq_obs_j": true, "after_poison_has_7": false, "smi_bench_before": {"t": "2026-09-30 15:40:56", "aiclk": "1350", "power": " 66.0", "temp": "60.3"}, "witness_call": {"time_ns_s": 2.120191838, "monotonic_s": 2.120193472, "sum_perf_counter_s": 2.1201722829428036, "wall_start_epoch": 1790750456.608404}, "witness_replay": {"time_ns_s": 2.086319756, "sum_perf_counter_s": 2.086306246899767}, "replays_in_10s_time_time": 144, "smi_bench_after": {"t": "2026-09-30 15:41:11", "aiclk": "1350", "power": " 69.0", "temp": "63.4"}, "after_bench_eq_first": true, "megakernel_l1": {"total_per_bank": 1371136, "allocated_per_bank": 117248, "largest_free_per_bank": 1253888, "cb_union": 1156768}, "t1": "2026-09-30 15:41:11", "call_median": 70.6769954849733, "replay_median": 69.54020899138413}
2026-09-30 15:41:12.284 | info     |    BuildKernels | JIT cache stats: 318/318 hits (100.0%) [318 cached, 53 build-once dedup, 0 merged artifacts, 0 merged genfiles] (build_cache_telemetry.cpp:268)
2026-09-30 15:41:12.284 | info     |    BuildKernels | JIT telemetry: 33 registered TelemetryTokens (build_cache_telemetry.cpp:325)
2026-09-30 15:41:12.288 | info     |          Device | Closing user mode device drivers (tt_cluster.cpp:550)
2026-09-30 15:41:12.288 | info     |             UMD | Closing devices in cluster (cluster.cpp:1302)
2026-09-30 15:41:12.513 | info     |             UMD | Closing devices in cluster completed. (cluster.cpp:1311)
2026-09-30 15:41:12.513 | info     |             UMD | Cluster destructor started. (cluster.cpp:1017)
2026-09-30 15:41:12.513 | info     |             UMD | Cluster destructor completed. (cluster.cpp:1020)
