2026-09-30 16:41:28.160 | DEBUG    | ttnn:<module>:45 - Initial ttnn.CONFIG:
Config{cache_path=/home/deepgadget/.cache/ttnn,model_cache_path=/home/deepgadget/.cache/ttnn/models,tmp_dir=/tmp/ttnn,enable_model_cache=false,enable_fast_runtime_mode=true,validate_program_args=false,throw_exception_on_fallback=false,enable_logging=false,enable_graph_report=false,enable_graph_python_stack_traces=false,enable_detailed_buffer_report=false,enable_detailed_tensor_report=false,enable_comparison_mode=false,comparison_mode_should_raise_exception=false,comparison_mode_pcc=0.9999,root_report_path=generated/ttnn/reports,report_name=std::nullopt,std::nullopt}
2026-09-30 16:41:28.315 | info     |          Device | Opening user mode device driver (tt_cluster.cpp:224)
2026-09-30 16:41:28.315 | info     |             UMD | Cluster constructor started. (cluster.cpp:408)
2026-09-30 16:41:28.315 | info     |             UMD | Creating TopologyDiscovery for architecture: blackhole (topology_discovery.cpp:96)
2026-09-30 16:41:28.315 | info     |             UMD | Starting topology discovery. (topology_discovery.cpp:115)
2026-09-30 16:41:28.318 | info     |             UMD | Established firmware bundle version: 19.12.0 (topology_discovery.cpp:576)
2026-09-30 16:41:28.318 | info     |             UMD | Completed topology discovery. (topology_discovery.cpp:119)
2026-09-30 16:41:28.830 | info     |             UMD | Opening local chip ids/PCIe ids: {0}/[0] and remote chip ids {} (cluster.cpp:175)
2026-09-30 16:41:28.830 | info     |             UMD | IOMMU: disabled (cluster.cpp:149)
2026-09-30 16:41:28.830 | info     |             UMD | KMD version: 2.11.0 (cluster.cpp:152)
2026-09-30 16:41:28.830 | info     |             UMD | Cluster constructor completed. (cluster.cpp:683)
2026-09-30 16:41:28.830 | info     |             UMD | Starting devices in cluster (cluster.cpp:1289)
2026-09-30 16:41:28.915 | info     |             UMD | Starting devices in cluster completed. (cluster.cpp:1297)
2026-09-30 16:41:29.254 | info     |     Distributed | Using auto discovery to generate mesh graph. (metal_env.cpp:422)
2026-09-30 16:41:29.254 | info     |     Distributed | Constructing control plane using auto-discovery (no mesh graph descriptor). (metal_env.cpp:484)
2026-09-30 16:41:29.254 | warning  |          Always | Unknown motherboard 'ProArt X870E-CREATOR WIFI' for chip_id=0 (bus_id=0x3) — falling back to bus_id as tray_id. Add this motherboard and its bus IDs to mobo_to_bus_ids in physical_system_discovery.cpp. (physical_system_discovery.cpp:119)
2026-09-30 16:41:29.254 | info     |          Fabric | Logical multi-mesh adjacency: intermesh degree histogram {0:1}; intra-mesh degree histograms mesh0 {0:1} (topology_mapper_utils.cpp:3190)
2026-09-30 16:41:29.254 | info     |          Fabric | Physical multi-mesh adjacency: intermesh degree histogram {0:1}; intra-mesh degree histograms mesh0 {0:1} (topology_mapper_utils.cpp:3198)
2026-09-30 16:41:29.358 | warning  |          Always | Closing and re-initializing MetalContext with new parameters. (metal_context.cpp:184)
2026-09-30 16:41:29.464 | info     |           Metal | Enabling program cache on MeshDevice 5 (mesh_device.cpp:1176)
RESULT {"t0": "2026-09-30 16:41:28", "env_megakernel": "expert", "MEGAKERNEL_WORKER_L1_SIZE": 1395712, "views_cut": {"BufferType.L1": 1371136, "BufferType.L1_SMALL": 24576}, "refusal_cut": null, "kwargs_cut": {"device_id": 0, "l1_small_size": 24576, "trace_region_size": 160000000, "worker_l1_size": 1395712}, "views_nocut": {"BufferType.L1": 1436672, "BufferType.L1_SMALL": 24576}, "refusal_nocut": "the device was opened without the 64 KiB worker-L1 cut (worker L1 1461248 B per bank > 1395712); open it with common/device_open.py (open_pi05_device / device_kwargs), or set PI05_MEGAKERNEL=off for the stock-op comparator path", "kwargs_nocut": {"device_id": 0, "l1_small_size": 24576, "trace_region_size": 160000000}, "model_built_without_cut": false, "error": "PI05_MEGAKERNEL=expert refused: the device was opened without the 64 KiB worker-L1 cut (worker L1 1461248 B per bank > 1395712); open it with common/device_open.py (open_pi05_device / device_kwargs), or set PI05_MEGAKERNEL=off for the stock-op comparator path", "error_names_cut": true, "tb_tail": ["    m = PI0ModelTTNN(base_config(), PI0WeightLoader(BASE_WEIGHTS), dev, fused=env)", "  File \"/home/deepgadget/experiments/tt-models/ports/tt-pi-0.5/models/experimental/pi0_5/tt/ttnn_pi0_model.py\", line 100, in __init__", "    raise RuntimeError(f\"PI05_MEGAKERNEL=expert refused: {why}\")", "RuntimeError: PI05_MEGAKERNEL=expert refused: the device was opened without the 64 KiB worker-L1 cut (worker L1 1461248 B per bank > 1395712); open it with common/device_open.py (open_pi05_device / device_kwargs), or set PI05_MEGAKERNEL=off for the stock-op comparator path"], "seconds": 0.0, "t1": "2026-09-30 16:41:29"}
2026-09-30 16:41:29.805 | info     |    BuildKernels | JIT cache stats: 6/6 hits (100.0%) [6 cached, 8 build-once dedup, 0 merged artifacts, 0 merged genfiles] (build_cache_telemetry.cpp:268)
2026-09-30 16:41:29.805 | info     |    BuildKernels | JIT telemetry: 33 registered TelemetryTokens (build_cache_telemetry.cpp:325)
2026-09-30 16:41:29.806 | info     |          Device | Closing user mode device drivers (tt_cluster.cpp:550)
2026-09-30 16:41:29.806 | info     |             UMD | Closing devices in cluster (cluster.cpp:1302)
2026-09-30 16:41:29.942 | info     |             UMD | Closing devices in cluster completed. (cluster.cpp:1311)
2026-09-30 16:41:29.942 | info     |             UMD | Cluster destructor started. (cluster.cpp:1017)
2026-09-30 16:41:29.942 | info     |             UMD | Cluster destructor completed. (cluster.cpp:1020)
