2026-10-03 11:30:35.630 | DEBUG    | ttnn:<module>:45 - Initial ttnn.CONFIG:
Config{cache_path=/home/deepgadget/.cache/ttnn,model_cache_path=/home/deepgadget/.cache/ttnn/models,tmp_dir=/tmp/ttnn,enable_model_cache=false,enable_fast_runtime_mode=true,validate_program_args=false,throw_exception_on_fallback=false,enable_logging=false,enable_graph_report=false,enable_graph_python_stack_traces=false,enable_detailed_buffer_report=false,enable_detailed_tensor_report=false,enable_comparison_mode=false,comparison_mode_should_raise_exception=false,comparison_mode_pcc=0.9999,root_report_path=generated/ttnn/reports,report_name=std::nullopt,std::nullopt}
2026-10-03 11:30:35.847 | info     |          Device | Opening user mode device driver (tt_cluster.cpp:223)
2026-10-03 11:30:35.847 | info     |             UMD | Cluster constructor started. (cluster.cpp:405)
2026-10-03 11:30:35.847 | info     |             UMD | Creating TopologyDiscovery for architecture: blackhole (topology_discovery.cpp:131)
2026-10-03 11:30:35.847 | info     |             UMD | Starting topology discovery. (topology_discovery.cpp:150)
2026-10-03 11:30:35.851 | info     |             UMD | Established firmware bundle version: 19.12.0 (topology_discovery.cpp:654)
2026-10-03 11:30:35.851 | info     |             UMD | Completed topology discovery. (topology_discovery.cpp:154)
2026-10-03 11:30:36.357 | info     |             UMD | Opening local chip ids/PCIe ids: {0}/[0] and remote chip ids {} (cluster.cpp:172)
2026-10-03 11:30:36.357 | info     |             UMD | IOMMU: disabled (cluster.cpp:146)
2026-10-03 11:30:36.357 | info     |             UMD | KMD version: 2.11.0 (cluster.cpp:149)
2026-10-03 11:30:36.357 | info     |             UMD | Cluster constructor completed. (cluster.cpp:719)
2026-10-03 11:30:36.358 | info     |             UMD | Starting devices in cluster (cluster.cpp:1305)
2026-10-03 11:30:36.418 | info     |             UMD | Starting devices in cluster completed. (cluster.cpp:1314)
2026-10-03 11:30:36.719 | info     |     Distributed | Using auto discovery to generate mesh graph. (metal_env.cpp:421)
2026-10-03 11:30:36.719 | info     |     Distributed | Constructing control plane using auto-discovery (no mesh graph descriptor). (metal_env.cpp:483)
2026-10-03 11:30:36.719 | warning  |          Always | Unknown motherboard 'ProArt X870E-CREATOR WIFI' for chip_id=0 (bus_id=0x3) — falling back to bus_id as tray_id. Add this motherboard and its bus IDs to mobo_to_bus_ids in physical_system_discovery.cpp. (physical_system_discovery.cpp:119)
2026-10-03 11:30:36.719 | info     |          Fabric | Loaded physical groupings from: /home/deepgadget/experiments/tt-metal-main/tt-metal/tests/tt_metal/tt_fabric/physical_groupings/default_physical_grouping_descriptor.textproto (physical_grouping_descriptor_core.cpp:813)
2026-10-03 11:30:36.719 | info     |          Fabric | No specific Physical Grouping Descriptor found; using default. (physical_grouping_descriptor_core.cpp:897)
2026-10-03 11:30:36.720 | info     |          Fabric | Matching MESH mgd groupings to MESH groupings (physical_grouping_descriptor_matching.cpp:1428)
2026-10-03 11:30:36.720 | info     |          Fabric | Grouping valid candidates by node difference (physical_grouping_descriptor_matching.cpp:1522)
2026-10-03 11:30:36.720 | info     |          Fabric | Physical groupings: Mesh graph descriptor 'M0': 1 topology match(es), committed: 1x1_Mesh_flat (MESH) (physical_grouping_descriptor_matching.cpp:1731)
2026-10-03 11:30:36.720 | info     |          Fabric | Physical groupings: Mesh graph descriptor 'M0': MGD placement fallback M0 (MESH) embeds on PSD (physical_grouping_descriptor_matching.cpp:1848)
2026-10-03 11:31:22.580 | warning  |           Metal | Allocating device buffers is potentially unsafe due to the existence of an active trace. These buffers may be corrupted once a trace is executed if they are not released before then. Use the trace allocation tracker to verify. (allocator.cpp:140)
golden {'tag': 'libero_spatial/t0/i0/call0/step10', 'inputs_equal': True, 'preset': '(2, 32, 32)', 'pcc7': 0.9999722742612134, 'out_sha': '0d951a8a32c0c9dac6c8053178730b990d90890ad006749150b744a1df98da5e'}
golden {'tag': 'libero_spatial/t0/i0/call12/step70', 'inputs_equal': True, 'preset': '(2, 32, 32)', 'pcc7': 0.9999898447899912, 'out_sha': '01298fd103c78ad09bd1401517a4c801c6c4c283dae40f5201dacd1a48b3b7ac'}
golden {'tag': 'libero_spatial/t3/i1/call0/step10', 'inputs_equal': True, 'preset': '(2, 32, 32)', 'pcc7': 0.9999890076180813, 'out_sha': '081765b1aa9c609ba5997266ceb30f78fafac43d7008e674b7584000da3bd42a'}
golden {'tag': 'libero_spatial/t3/i1/call12/step70', 'inputs_equal': True, 'preset': '(2, 32, 32)', 'pcc7': 0.9999956192840365, 'out_sha': 'a874038a850a02685e7553319f01f72c413034eb4846a888b5bb6849e9481623'}
golden {'tag': 'libero_spatial/t6/i2/call0/step10', 'inputs_equal': True, 'preset': '(2, 32, 32)', 'pcc7': 0.999977612448541, 'out_sha': '5ec5ca1f29f07899e83f7ec8cf8708415f153acd7b24e1977d6230a0dfb629a1'}
golden {'tag': 'libero_spatial/t6/i2/call12/step70', 'inputs_equal': True, 'preset': '(2, 32, 32)', 'pcc7': 0.9999734470590813, 'out_sha': 'cd2f2086a6eaee88b2279627f12ef623150a2f771bdf9b6bef951ffae943e0c4'}
golden {'tag': 'libero_spatial/t9/i3/call0/step10', 'inputs_equal': True, 'preset': '(2, 32, 32)', 'pcc7': 0.9999583233106235, 'out_sha': 'a509cc5f2d8633d4ce40a1fbc5097ccdcab82b8eba5a04ea433163eddd9fe4a1'}
golden {'tag': 'libero_spatial/t9/i3/call12/step70', 'inputs_equal': True, 'preset': '(2, 32, 32)', 'pcc7': 0.9999939866276688, 'out_sha': '4d9cc8cb25fb97fa4ad2f0ad2df9bad0167acf557d7b9c1ddb0f96c19e310c09'}
GOLDEN {'backend': 'tt-p150a:models.experimental.pi0.tt.ttnn_pi05_model.PI05MegakernelTTNN[cameras=2,H=10,num_steps=10,kv_dram=False,digest=1429d5bea05c31ad]', 'n': 8, 'all_inputs_equal': True, 'pcc7_mean': 0.9999812644249046, 'pcc7_min': 0.9999583233106235}
BITID c1 {'cameras': 1, 'H': 10, 'N': 10, 'n_tokens': 20, 'preset': [1, 32, 32], 'kv_dram': False, 'device_ops_per_call': 3, 'shape': [1, 10, 32], 'sha': '2e91855b9fa71da136e9b5d7413dc948b573a5df2839adddb4c06d3b29981b96', 'replay_identical': True, 'finite': True, 'call_ms_median': 39.78892249870114, 'build_s': 33.24396777153015, 'head': [0.00038, -0.00885, -0.02087, 0.01807, -0.0304, 0.01917]}
BITID c2 {'cameras': 2, 'H': 50, 'N': 10, 'n_tokens': 150, 'preset': [2, 224, 64], 'kv_dram': False, 'device_ops_per_call': 3, 'shape': [1, 50, 32], 'sha': '63d5c2b66833644d901307623d5056ff90e7ba01430a785f1d2724b127f91ab0', 'replay_identical': True, 'finite': True, 'call_ms_median': 56.74397249822505, 'build_s': 28.93526601791382, 'head': [0.00124, -0.01807, -0.00333, 0.06494, -0.00424, 0.02112]}
BITID c3 {'cameras': 3, 'H': 32, 'N': 5, 'n_tokens': 50, 'preset': [3, 64, 32], 'kv_dram': False, 'device_ops_per_call': 4, 'shape': [1, 32, 32], 'sha': 'd9f8d48c5ecdf0394b95c5866853fc52d6585066d96fc8182ed04c3ce5cb6ac4', 'replay_identical': True, 'finite': True, 'call_ms_median': 62.95439149835147, 'build_s': 23.534955739974976, 'head': [0.00264, -0.01154, -0.00677, 0.02625, -0.00372, 0.02026]}
BITID c4 {'cameras': 4, 'H': 64, 'N': 10, 'n_tokens': 100, 'preset': [4, 128, 64], 'kv_dram': True, 'device_ops_per_call': 4, 'shape': [1, 64, 32], 'sha': 'cc8090acd8b1027c0dbb052f92f60a99ff51393fac5981524dc6189183aca208', 'replay_identical': True, 'finite': True, 'call_ms_median': 95.84231200278737, 'build_s': 28.871917486190796, 'head': [-0.00016, -0.01221, 0.00397, 0.04126, 0.00172, 0.02332]}
REFUSE H=65 at construction {'raised': True, 'type': 'RuntimeError', 'msg': 'pi0.5 megakernel refused: action_horizon=65 (the megakernel serves 1..64 action rows)', 'ok': True}
REFUSE N=11 at construction {'raised': True, 'type': 'RuntimeError', 'msg': 'pi0.5 megakernel refused: num_denoising_steps=11 (the megakernel runs 1..10 denoising steps)', 'ok': True}
REFUSE cameras=5 at construction {'raised': True, 'type': 'RuntimeError', 'msg': 'pi0.5 megakernel refused: cameras = 5 (compiled: 1, 2, 3, 4)', 'ok': True}
REFUSE masked camera {'raised': True, 'type': 'RuntimeError', 'msg': "pi0.5 megakernel: every camera must be valid (img_masks all True); drop the masked image slots and pass only the real cameras (a model built with num_cameras = that count): openpi's masked slots are padding keys that do not advance the positions, so this is the same computation", 'ok': True}
REFUSE 1 image on a 2-camera model {'raised': True, 'type': 'RuntimeError', 'msg': 'pi0.5 megakernel serves 2 cameras (got 1)', 'ok': True}
REFUSE 40 tokens in prompt_bucket 32 {'raised': True, 'type': 'RuntimeError', 'msg': 'pi0.5 megakernel: prompt_bucket=32 cannot hold 40 real tokens', 'ok': True}
REFUSE prompt_bucket 48 {'raised': True, 'type': 'RuntimeError', 'msg': 'pi0.5 megakernel: prompt_bucket=48 (compiled: 32 / 64 / 128 / 224)', 'ok': True}
REFUSE batch 2 {'raised': True, 'type': 'RuntimeError', 'msg': 'pi0.5 megakernel serves batch 1 (got batch 2)', 'ok': True}
REFUSE second live model on the device {'raised': True, 'type': 'RuntimeError', 'msg': 'pi0.5 megakernel: 1 other model(s) on this device still hold device memory (2 cameras / 32 action rows (90,624 B of L1 per core)); close() them or build them in a `with` block before building another', 'ok': True}
DONE {"kernel_digest": "1429d5bea05c31ad", "refuse_all_ok": true}
2026-10-03 11:34:05.028 | info     |    BuildKernels | JIT cache stats: 57/177 hits (32.2%) [57 cached, 58 build-once dedup, 0 merged artifacts, 0 merged genfiles] (build_cache_telemetry.cpp:268)
2026-10-03 11:34:05.028 | info     |    BuildKernels | JIT telemetry: 43 registered TelemetryTokens (build_cache_telemetry.cpp:325)
2026-10-03 11:34:05.038 | info     |          Device | Closing user mode device drivers (tt_cluster.cpp:519)
2026-10-03 11:34:05.038 | info     |             UMD | Closing devices in cluster (cluster.cpp:1319)
2026-10-03 11:34:05.049 | info     |             UMD | Closing devices in cluster completed. (cluster.cpp:1329)
2026-10-03 11:34:05.049 | info     |             UMD | Cluster destructor started. (cluster.cpp:1050)
2026-10-03 11:34:05.049 | info     |             UMD | Cluster destructor completed. (cluster.cpp:1063)
rc=0
