2026-10-01 11:35:11.754 | DEBUG    | ttnn:<module>:45 - Initial ttnn.CONFIG:
Config{cache_path=/home/deepgadget/.cache/ttnn,model_cache_path=/home/deepgadget/.cache/ttnn/models,tmp_dir=/tmp/ttnn,enable_model_cache=false,enable_fast_runtime_mode=true,validate_program_args=false,throw_exception_on_fallback=false,enable_logging=false,enable_graph_report=false,enable_graph_python_stack_traces=false,enable_detailed_buffer_report=false,enable_detailed_tensor_report=false,enable_comparison_mode=false,comparison_mode_should_raise_exception=false,comparison_mode_pcc=0.9999,root_report_path=generated/ttnn/reports,report_name=std::nullopt,std::nullopt}
2026-10-01 11:35:12.102 | info     |          Device | Opening user mode device driver (tt_cluster.cpp:224)
2026-10-01 11:35:12.102 | info     |             UMD | Cluster constructor started. (cluster.cpp:408)
2026-10-01 11:35:12.102 | info     |             UMD | Creating TopologyDiscovery for architecture: blackhole (topology_discovery.cpp:96)
2026-10-01 11:35:12.102 | info     |             UMD | Starting topology discovery. (topology_discovery.cpp:115)
2026-10-01 11:35:12.105 | info     |             UMD | Established firmware bundle version: 19.12.0 (topology_discovery.cpp:576)
2026-10-01 11:35:12.105 | info     |             UMD | Completed topology discovery. (topology_discovery.cpp:119)
2026-10-01 11:35:12.363 | info     |             UMD | Opening local chip ids/PCIe ids: {0}/[0] and remote chip ids {} (cluster.cpp:175)
2026-10-01 11:35:12.363 | info     |             UMD | IOMMU: disabled (cluster.cpp:149)
2026-10-01 11:35:12.363 | info     |             UMD | KMD version: 2.11.0 (cluster.cpp:152)
2026-10-01 11:35:12.363 | info     |             UMD | Cluster constructor completed. (cluster.cpp:683)
2026-10-01 11:35:12.363 | info     |             UMD | Starting devices in cluster (cluster.cpp:1289)
2026-10-01 11:35:12.388 | info     |             UMD | Starting devices in cluster completed. (cluster.cpp:1297)
2026-10-01 11:35:12.733 | info     |     Distributed | Using auto discovery to generate mesh graph. (metal_env.cpp:422)
2026-10-01 11:35:12.733 | info     |     Distributed | Constructing control plane using auto-discovery (no mesh graph descriptor). (metal_env.cpp:484)
2026-10-01 11:35:12.733 | warning  |          Always | Unknown motherboard 'ProArt X870E-CREATOR WIFI' for chip_id=0 (bus_id=0x3) — falling back to bus_id as tray_id. Add this motherboard and its bus IDs to mobo_to_bus_ids in physical_system_discovery.cpp. (physical_system_discovery.cpp:119)
2026-10-01 11:35:12.733 | info     |          Fabric | Logical multi-mesh adjacency: intermesh degree histogram {0:1}; intra-mesh degree histograms mesh0 {0:1} (topology_mapper_utils.cpp:3190)
2026-10-01 11:35:12.733 | info     |          Fabric | Physical multi-mesh adjacency: intermesh degree histogram {0:1}; intra-mesh degree histograms mesh0 {0:1} (topology_mapper_utils.cpp:3198)
2026-10-01 11:35:12.838 | info     |           Metal | Enabling program cache on MeshDevice 1 (mesh_device.cpp:1176)
[pi0.5] expert adaRMS norms folded into per-step weights in 3.0s
2026-10-01 11:35:51 obs libero_spatial/t0/i0/call0/step10 19647.5 ms b9e6f64967d6d990
2026-10-01 11:35:51 obs libero_spatial/t0/i0/call12/step70 65.7 ms 0dc6634bfeb74db2
2026-10-01 11:35:51 obs libero_spatial/t3/i1/call0/step10 66.9 ms 315668bdf48ead2c
2026-10-01 11:35:51 obs libero_spatial/t3/i1/call12/step70 65.9 ms a7402c7fa6b766c9
2026-10-01 11:35:51 obs libero_spatial/t6/i2/call0/step10 67.1 ms ac97036b33293556
2026-10-01 11:35:51 obs libero_spatial/t6/i2/call12/step70 65.8 ms cae6134477b2b554
2026-10-01 11:35:51 obs libero_spatial/t9/i3/call0/step10 67.0 ms 49bc5044f0b896fd
2026-10-01 11:35:51 obs libero_spatial/t9/i3/call12/step70 66.0 ms 8395e27a23208eaa
RESULT {"t0": "2026-10-01 11:35:11", "arm_env": "expert", "shape": "libero", "open_kwargs": {"device_id": 0, "l1_small_size": 24576, "trace_region_size": 160000000, "worker_l1_size": 1395712}, "smi_open": {"t": "2026-10-01 11:35:12", "aiclk": " 800", "power": " 25.0", "temp": "57.1"}, "stamp": {"backend": "expert", "program": {"kernel_digest": "328761c8a1ce3fd9", "sources": ["mk_brisc.cpp", "mk_defs.hpp", "mk_dm.hpp", "mk_ncrisc.cpp", "mk_trisc.cpp"]}}, "first_call_ms": 19647.489114955533, "traced": true, "prefix_len": 544, "kv_cache_shape": [1, 1, 640, 256], "kv_cache_dtype": "DataType.BFLOAT8_B", "distinct_outputs": 8, "pcc7_mean": 0.9998843910879764, "pcc7_min": 0.9997776780152333, "ten_calls_eq_first": [true, true, true, true, true, true, true, true, true, true], "ten_raw_replays_eq_first": [true, true, true, true, true, true, true, true, true, true], "poison_readback_all_7": true, "after_poison_eq_obs_j": true, "after_poison_has_7": false, "smi_bench_before": {"t": "2026-10-01 11:35:53", "aiclk": "1350", "power": " 67.0", "temp": "59.0"}, "witness_call": {"time_ns_s": 1.973435253, "monotonic_s": 1.973437086, "sum_perf_counter_s": 1.973407020792365, "wall_start_epoch": 1790822153.6953857}, "witness_replay": {"time_ns_s": 1.932051403, "sum_perf_counter_s": 1.93201999302255}, "replays_in_10s_time_time": 156, "smi_bench_after": {"t": "2026-10-01 11:36:07", "aiclk": "1350", "power": " 66.0", "temp": "61.0"}, "after_bench_eq_first": true, "megakernel_l1": {"total_per_bank": 1371136, "allocated_per_bank": 117248, "largest_free_per_bank": 1253888, "cb_union": 851616}, "t1": "2026-10-01 11:36:07", "call_median": 65.72559400228783, "replay_median": 64.40162798389792}
2026-10-01 11:36:08.861 | info     |    BuildKernels | JIT cache stats: 274/318 hits (86.2%) [274 cached, 53 build-once dedup, 0 merged artifacts, 0 merged genfiles] (build_cache_telemetry.cpp:268)
2026-10-01 11:36:08.861 | info     |    BuildKernels | JIT telemetry: 43 registered TelemetryTokens (build_cache_telemetry.cpp:325)
2026-10-01 11:36:08.865 | info     |          Device | Closing user mode device drivers (tt_cluster.cpp:550)
2026-10-01 11:36:08.865 | info     |             UMD | Closing devices in cluster (cluster.cpp:1302)
2026-10-01 11:36:09.028 | info     |             UMD | Closing devices in cluster completed. (cluster.cpp:1311)
2026-10-01 11:36:09.028 | info     |             UMD | Cluster destructor started. (cluster.cpp:1017)
2026-10-01 11:36:09.028 | info     |             UMD | Cluster destructor completed. (cluster.cpp:1020)
