2026-10-01 12:28:55.740 | DEBUG    | ttnn:<module>:45 - Initial ttnn.CONFIG:
Config{cache_path=/home/deepgadget/.cache/ttnn,model_cache_path=/home/deepgadget/.cache/ttnn/models,tmp_dir=/tmp/ttnn,enable_model_cache=false,enable_fast_runtime_mode=true,validate_program_args=false,throw_exception_on_fallback=false,enable_logging=false,enable_graph_report=false,enable_graph_python_stack_traces=false,enable_detailed_buffer_report=false,enable_detailed_tensor_report=false,enable_comparison_mode=false,comparison_mode_should_raise_exception=false,comparison_mode_pcc=0.9999,root_report_path=generated/ttnn/reports,report_name=std::nullopt,std::nullopt}
2026-10-01 12:28:56.090 | info     |          Device | Opening user mode device driver (tt_cluster.cpp:224)
2026-10-01 12:28:56.090 | info     |             UMD | Cluster constructor started. (cluster.cpp:408)
2026-10-01 12:28:56.091 | info     |             UMD | Creating TopologyDiscovery for architecture: blackhole (topology_discovery.cpp:96)
2026-10-01 12:28:56.091 | info     |             UMD | Starting topology discovery. (topology_discovery.cpp:115)
2026-10-01 12:28:56.094 | info     |             UMD | Established firmware bundle version: 19.12.0 (topology_discovery.cpp:576)
2026-10-01 12:28:56.094 | info     |             UMD | Completed topology discovery. (topology_discovery.cpp:119)
2026-10-01 12:28:56.348 | info     |             UMD | Opening local chip ids/PCIe ids: {0}/[0] and remote chip ids {} (cluster.cpp:175)
2026-10-01 12:28:56.348 | info     |             UMD | IOMMU: disabled (cluster.cpp:149)
2026-10-01 12:28:56.348 | info     |             UMD | KMD version: 2.11.0 (cluster.cpp:152)
2026-10-01 12:28:56.348 | info     |             UMD | Cluster constructor completed. (cluster.cpp:683)
2026-10-01 12:28:56.349 | info     |             UMD | Starting devices in cluster (cluster.cpp:1289)
2026-10-01 12:28:56.403 | info     |             UMD | Starting devices in cluster completed. (cluster.cpp:1297)
2026-10-01 12:28:56.749 | info     |     Distributed | Using auto discovery to generate mesh graph. (metal_env.cpp:422)
2026-10-01 12:28:56.749 | info     |     Distributed | Constructing control plane using auto-discovery (no mesh graph descriptor). (metal_env.cpp:484)
2026-10-01 12:28:56.749 | warning  |          Always | Unknown motherboard 'ProArt X870E-CREATOR WIFI' for chip_id=0 (bus_id=0x3) — falling back to bus_id as tray_id. Add this motherboard and its bus IDs to mobo_to_bus_ids in physical_system_discovery.cpp. (physical_system_discovery.cpp:119)
2026-10-01 12:28:56.749 | info     |          Fabric | Logical multi-mesh adjacency: intermesh degree histogram {0:1}; intra-mesh degree histograms mesh0 {0:1} (topology_mapper_utils.cpp:3190)
2026-10-01 12:28:56.749 | info     |          Fabric | Physical multi-mesh adjacency: intermesh degree histogram {0:1}; intra-mesh degree histograms mesh0 {0:1} (topology_mapper_utils.cpp:3198)
2026-10-01 12:28:56.853 | info     |           Metal | Enabling program cache on MeshDevice 1 (mesh_device.cpp:1176)
[pi0.5] expert adaRMS norms folded into per-step weights in 3.0s
2026-10-01 12:29:15 obs 1 581.4 ms d473d7a8abc5da2d
2026-10-01 12:29:15 obs 2 86.3 ms 6a2cbf48d100e87b
RESULT {"t0": "2026-10-01 12:28:55", "arm_env": "off", "shape": "base", "open_kwargs": {"device_id": 0, "l1_small_size": 24576, "trace_region_size": 160000000}, "smi_open": {"t": "2026-10-01 12:28:56", "aiclk": " 800", "power": " 23.0", "temp": "54.8"}, "stamp": {"backend": "off", "program": null}, "first_call_ms": 581.3567219884135, "traced": true, "prefix_len": 736, "kv_cache_shape": [1, 1, 800, 256], "kv_cache_dtype": "DataType.BFLOAT8_B", "distinct_outputs": 2, "ten_calls_eq_first": [true, true, true, true, true, true, true, true, true, true], "ten_raw_replays_eq_first": [true, true, true, true, true, true, true, true, true, true], "poison_readback_all_7": true, "after_poison_eq_obs_j": true, "after_poison_has_7": false, "smi_bench_before": {"t": "2026-10-01 12:29:17", "aiclk": "1350", "power": " 65.0", "temp": "59.8"}, "witness_call": {"time_ns_s": 2.521826487, "monotonic_s": 2.52182803, "sum_perf_counter_s": 2.5217983959591947, "wall_start_epoch": 1790825357.8378844}, "witness_replay": {"time_ns_s": 2.484788559, "sum_perf_counter_s": 2.4847582319634967}, "replays_in_10s_time_time": 121, "smi_bench_after": {"t": "2026-10-01 12:29:33", "aiclk": "1350", "power": " 69.0", "temp": "62.3"}, "after_bench_eq_first": true, "megakernel_l1": null, "t1": "2026-10-01 12:29:33", "call_median": 84.06123201712035, "replay_median": 82.82588698784821}
2026-10-01 12:29:33.961 | info     |    BuildKernels | JIT cache stats: 382/382 hits (100.0%) [382 cached, 54 build-once dedup, 0 merged artifacts, 0 merged genfiles] (build_cache_telemetry.cpp:268)
2026-10-01 12:29:33.961 | info     |    BuildKernels | JIT telemetry: 33 registered TelemetryTokens (build_cache_telemetry.cpp:325)
2026-10-01 12:29:33.966 | info     |          Device | Closing user mode device drivers (tt_cluster.cpp:550)
2026-10-01 12:29:33.966 | info     |             UMD | Closing devices in cluster (cluster.cpp:1302)
2026-10-01 12:29:34.139 | info     |             UMD | Closing devices in cluster completed. (cluster.cpp:1311)
2026-10-01 12:29:34.139 | info     |             UMD | Cluster destructor started. (cluster.cpp:1017)
2026-10-01 12:29:34.139 | info     |             UMD | Cluster destructor completed. (cluster.cpp:1020)
