2026-10-01 11:29:31.074 | DEBUG    | ttnn:<module>:45 - Initial ttnn.CONFIG:
Config{cache_path=/home/deepgadget/.cache/ttnn,model_cache_path=/home/deepgadget/.cache/ttnn/models,tmp_dir=/tmp/ttnn,enable_model_cache=false,enable_fast_runtime_mode=true,validate_program_args=false,throw_exception_on_fallback=false,enable_logging=false,enable_graph_report=false,enable_graph_python_stack_traces=false,enable_detailed_buffer_report=false,enable_detailed_tensor_report=false,enable_comparison_mode=false,comparison_mode_should_raise_exception=false,comparison_mode_pcc=0.9999,root_report_path=generated/ttnn/reports,report_name=std::nullopt,std::nullopt}
2026-10-01 11:29:31.442 | info     |          Device | Opening user mode device driver (tt_cluster.cpp:224)
2026-10-01 11:29:31.442 | info     |             UMD | Cluster constructor started. (cluster.cpp:408)
2026-10-01 11:29:31.442 | info     |             UMD | Creating TopologyDiscovery for architecture: blackhole (topology_discovery.cpp:96)
2026-10-01 11:29:31.442 | info     |             UMD | Starting topology discovery. (topology_discovery.cpp:115)
2026-10-01 11:29:31.446 | info     |             UMD | Established firmware bundle version: 19.12.0 (topology_discovery.cpp:576)
2026-10-01 11:29:31.446 | info     |             UMD | Completed topology discovery. (topology_discovery.cpp:119)
2026-10-01 11:29:31.949 | info     |             UMD | Opening local chip ids/PCIe ids: {0}/[0] and remote chip ids {} (cluster.cpp:175)
2026-10-01 11:29:31.950 | info     |             UMD | IOMMU: disabled (cluster.cpp:149)
2026-10-01 11:29:31.950 | info     |             UMD | KMD version: 2.11.0 (cluster.cpp:152)
2026-10-01 11:29:31.950 | info     |             UMD | Cluster constructor completed. (cluster.cpp:683)
2026-10-01 11:29:31.950 | info     |             UMD | Starting devices in cluster (cluster.cpp:1289)
2026-10-01 11:29:32.031 | info     |             UMD | Starting devices in cluster completed. (cluster.cpp:1297)
2026-10-01 11:29:32.372 | info     |     Distributed | Using auto discovery to generate mesh graph. (metal_env.cpp:422)
2026-10-01 11:29:32.372 | info     |     Distributed | Constructing control plane using auto-discovery (no mesh graph descriptor). (metal_env.cpp:484)
2026-10-01 11:29:32.372 | warning  |          Always | Unknown motherboard 'ProArt X870E-CREATOR WIFI' for chip_id=0 (bus_id=0x3) — falling back to bus_id as tray_id. Add this motherboard and its bus IDs to mobo_to_bus_ids in physical_system_discovery.cpp. (physical_system_discovery.cpp:119)
2026-10-01 11:29:32.373 | info     |          Fabric | Logical multi-mesh adjacency: intermesh degree histogram {0:1}; intra-mesh degree histograms mesh0 {0:1} (topology_mapper_utils.cpp:3190)
2026-10-01 11:29:32.373 | info     |          Fabric | Physical multi-mesh adjacency: intermesh degree histogram {0:1}; intra-mesh degree histograms mesh0 {0:1} (topology_mapper_utils.cpp:3198)
2026-10-01 11:29:33.768 | info     |           Metal | Enabling program cache on MeshDevice 1 (mesh_device.cpp:1176)
[pi0.5] expert adaRMS norms folded into per-step weights in 3.0s
2026-10-01 11:30:38 obs 1 25520.7 ms e323d9314a8f6335
2026-10-01 11:30:38 obs 2 57.7 ms 82d97efc0c3fd305
2026-10-01 11:30:38 obs 3 57.7 ms 577079b6b1072fd7
2026-10-01 11:30:39 obs 4 57.3 ms 49174f8b07c41a14
2026-10-01 11:30:39 obs 5 57.5 ms fc529ea30be1b960
2026-10-01 11:30:39 obs 6 57.6 ms 592379b01c6a7947
2026-10-01 11:30:39 obs 701 57.5 ms 1c45448614d5e376
2026-10-01 11:30:39 obs 702 57.5 ms b9fb08831f581c3f
2026-10-01 11:30:39 obs 703 57.5 ms 8ead23d3febf4f40
2026-10-01 11:30:39 obs 704 57.4 ms 49c8fd49a47bf0db
2026-10-01 11:30:39 obs 705 57.4 ms 854dd283f97bd7ab
2026-10-01 11:30:39 obs 706 57.3 ms dd9c01cd2aef7ed3
2026-10-01 11:30:39 obs 707 56.9 ms 2702cec7e5924633
2026-10-01 11:30:39 obs 708 57.4 ms 56caf78b1bcdb2e8
2026-10-01 11:30:39 obs 709 57.5 ms 2afac56546bbe655
2026-10-01 11:30:39 obs 710 57.7 ms 4efb4d6433a039d2
2026-10-01 11:30:39 obs 711 57.5 ms c12441e389be794e
2026-10-01 11:30:39 obs 712 57.3 ms e18f1e5d6b79206f
2026-10-01 11:30:39 obs 713 57.4 ms 735f9a37e371f801
2026-10-01 11:30:40 obs 714 57.1 ms ec5d6612a7a8ab1e
2026-10-01 11:30:40 obs 715 56.8 ms 82594ad03d8afa88
2026-10-01 11:30:40 obs 716 56.8 ms 41c85063c160ac7e
2026-10-01 11:30:40 obs 801 57.1 ms 04641d5886041633
2026-10-01 11:30:40 obs 802 57.1 ms 9ec44714b3916e3f
2026-10-01 11:30:40 obs 803 56.7 ms 83ef0bb4d6c2e511
2026-10-01 11:30:40 obs 804 57.1 ms 9d5760274d2e7068
2026-10-01 11:30:40 obs 805 57.5 ms 23ae02ba2548c57a
2026-10-01 11:30:40 obs 806 57.5 ms 694d3d62b67cd058
2026-10-01 11:30:40 obs 807 56.8 ms eddebe2f6401665c
2026-10-01 11:30:40 obs 808 57.2 ms 7b449cc04af5b268
2026-10-01 11:30:40 obs 809 57.2 ms 24ac7321be5d4d67
2026-10-01 11:30:40 obs 810 56.1 ms 30713711a8892842
RESULT {"t0": "2026-10-01 11:29:31", "arm_env": "whole", "shape": "base", "open_kwargs": {"device_id": 0, "l1_small_size": 24576, "trace_region_size": 160000000, "worker_l1_size": 1395712}, "smi_open": {"t": "2026-10-01 11:29:31", "aiclk": " 800", "power": " 20.0", "temp": "49.4"}, "stamp": {"backend": "whole", "program": {"kernel_digest": "4aa02cdf21ed0c94", "sources": ["kernels/mk_brisc.cpp", "kernels/mk_defs.hpp", "kernels/mk_dm.hpp", "kernels/mk_ncrisc.cpp", "kernels/mk_trisc.cpp", "kernels_p2/pe_brisc.hpp", "kernels_p2/pe_common.hpp", "kernels_p2/pe_defs.hpp", "kernels_p2/pe_dm.hpp", "kernels_p2/pe_ncrisc.hpp", "kernels_p2/pe_trisc.hpp", "kernels_p2/whole_brisc.cpp", "kernels_p2/whole_ncrisc.cpp", "kernels_p2/whole_trisc.cpp"]}}, "first_call_ms": 25520.723399007693, "traced": true, "prefix_len": 736, "kv_cache_shape": [1, 1, 800, 256], "kv_cache_dtype": "DataType.BFLOAT8_B", "distinct_outputs": 32, "ten_calls_eq_first": [true, true, true, true, true, true, true, true, true, true], "ten_raw_replays_eq_first": [true, true, true, true, true, true, true, true, true, true], "poison_readback_all_7": true, "after_poison_eq_obs_j": true, "after_poison_has_7": false, "smi_bench_before": {"t": "2026-10-01 11:30:42", "aiclk": "1350", "power": " 69.0", "temp": "64.4"}, "witness_call": {"time_ns_s": 1.676307265, "monotonic_s": 1.676309389, "sum_perf_counter_s": 1.6762803160818294, "wall_start_epoch": 1790821842.2636116}, "witness_replay": {"time_ns_s": 1.623093994, "sum_perf_counter_s": 1.623061793972738}, "replays_in_10s_time_time": 185, "smi_bench_after": {"t": "2026-10-01 11:30:55", "aiclk": "1350", "power": " 70.0", "temp": "66.7"}, "after_bench_eq_first": true, "megakernel_l1": {"total_per_bank": 1371136, "allocated_per_bank": 117248, "largest_free_per_bank": 1253888, "cb_union": 1156768}, "t1": "2026-10-01 11:30:55", "call_median": 55.866346519906074, "replay_median": 54.10075149848126}
2026-10-01 11:30:57.176 | info     |    BuildKernels | JIT cache stats: 0/150 hits (0.0%) [0 cached, 24 build-once dedup, 0 merged artifacts, 0 merged genfiles] (build_cache_telemetry.cpp:268)
2026-10-01 11:30:57.176 | info     |    BuildKernels | JIT telemetry: 42 registered TelemetryTokens (build_cache_telemetry.cpp:325)
2026-10-01 11:30:57.179 | info     |          Device | Closing user mode device drivers (tt_cluster.cpp:550)
2026-10-01 11:30:57.179 | info     |             UMD | Closing devices in cluster (cluster.cpp:1302)
2026-10-01 11:30:57.373 | info     |             UMD | Closing devices in cluster completed. (cluster.cpp:1311)
2026-10-01 11:30:57.373 | info     |             UMD | Cluster destructor started. (cluster.cpp:1017)
2026-10-01 11:30:57.373 | info     |             UMD | Cluster destructor completed. (cluster.cpp:1020)
