2026-10-01 12:30:32.934 | DEBUG    | ttnn:<module>:45 - Initial ttnn.CONFIG:
Config{cache_path=/home/deepgadget/.cache/ttnn,model_cache_path=/home/deepgadget/.cache/ttnn/models,tmp_dir=/tmp/ttnn,enable_model_cache=false,enable_fast_runtime_mode=true,validate_program_args=false,throw_exception_on_fallback=false,enable_logging=false,enable_graph_report=false,enable_graph_python_stack_traces=false,enable_detailed_buffer_report=false,enable_detailed_tensor_report=false,enable_comparison_mode=false,comparison_mode_should_raise_exception=false,comparison_mode_pcc=0.9999,root_report_path=generated/ttnn/reports,report_name=std::nullopt,std::nullopt}
2026-10-01 12:30:33.289 | info     |          Device | Opening user mode device driver (tt_cluster.cpp:224)
2026-10-01 12:30:33.289 | info     |             UMD | Cluster constructor started. (cluster.cpp:408)
2026-10-01 12:30:33.289 | info     |             UMD | Creating TopologyDiscovery for architecture: blackhole (topology_discovery.cpp:96)
2026-10-01 12:30:33.289 | info     |             UMD | Starting topology discovery. (topology_discovery.cpp:115)
2026-10-01 12:30:33.293 | info     |             UMD | Established firmware bundle version: 19.12.0 (topology_discovery.cpp:576)
2026-10-01 12:30:33.293 | info     |             UMD | Completed topology discovery. (topology_discovery.cpp:119)
2026-10-01 12:30:33.547 | info     |             UMD | Opening local chip ids/PCIe ids: {0}/[0] and remote chip ids {} (cluster.cpp:175)
2026-10-01 12:30:33.547 | info     |             UMD | IOMMU: disabled (cluster.cpp:149)
2026-10-01 12:30:33.547 | info     |             UMD | KMD version: 2.11.0 (cluster.cpp:152)
2026-10-01 12:30:33.547 | info     |             UMD | Cluster constructor completed. (cluster.cpp:683)
2026-10-01 12:30:33.548 | info     |             UMD | Starting devices in cluster (cluster.cpp:1289)
2026-10-01 12:30:33.619 | info     |             UMD | Starting devices in cluster completed. (cluster.cpp:1297)
2026-10-01 12:30:33.966 | info     |     Distributed | Using auto discovery to generate mesh graph. (metal_env.cpp:422)
2026-10-01 12:30:33.966 | info     |     Distributed | Constructing control plane using auto-discovery (no mesh graph descriptor). (metal_env.cpp:484)
2026-10-01 12:30:33.966 | warning  |          Always | Unknown motherboard 'ProArt X870E-CREATOR WIFI' for chip_id=0 (bus_id=0x3) — falling back to bus_id as tray_id. Add this motherboard and its bus IDs to mobo_to_bus_ids in physical_system_discovery.cpp. (physical_system_discovery.cpp:119)
2026-10-01 12:30:33.966 | info     |          Fabric | Logical multi-mesh adjacency: intermesh degree histogram {0:1}; intra-mesh degree histograms mesh0 {0:1} (topology_mapper_utils.cpp:3190)
2026-10-01 12:30:33.966 | info     |          Fabric | Physical multi-mesh adjacency: intermesh degree histogram {0:1}; intra-mesh degree histograms mesh0 {0:1} (topology_mapper_utils.cpp:3198)
2026-10-01 12:30:34.096 | info     |           Metal | Enabling program cache on MeshDevice 1 (mesh_device.cpp:1176)
[pi0.5] expert adaRMS norms folded into per-step weights in 5.2s
2026-10-01 12:31:24 obs 1 23122.4 ms e323d9314a8f6335
2026-10-01 12:31:24 obs 2 57.7 ms 82d97efc0c3fd305
RESULT {"t0": "2026-10-01 12:30:33", "arm_env": "whole", "shape": "base", "open_kwargs": {"device_id": 0, "l1_small_size": 24576, "trace_region_size": 160000000, "worker_l1_size": 1395712}, "smi_open": {"t": "2026-10-01 12:30:33", "aiclk": " 800", "power": " 23.0", "temp": "56.8"}, "stamp": {"backend": "whole", "program": {"kernel_digest": "4aa02cdf21ed0c94", "sources": ["kernels/mk_brisc.cpp", "kernels/mk_defs.hpp", "kernels/mk_dm.hpp", "kernels/mk_ncrisc.cpp", "kernels/mk_trisc.cpp", "kernels_p2/pe_brisc.hpp", "kernels_p2/pe_common.hpp", "kernels_p2/pe_defs.hpp", "kernels_p2/pe_dm.hpp", "kernels_p2/pe_ncrisc.hpp", "kernels_p2/pe_trisc.hpp", "kernels_p2/whole_brisc.cpp", "kernels_p2/whole_ncrisc.cpp", "kernels_p2/whole_trisc.cpp"]}}, "first_call_ms": 23122.397805040237, "traced": true, "prefix_len": 736, "kv_cache_shape": [1, 1, 800, 256], "kv_cache_dtype": "DataType.BFLOAT8_B", "distinct_outputs": 2, "ten_calls_eq_first": [true, true, true, true, true, true, true, true, true, true], "ten_raw_replays_eq_first": [true, true, true, true, true, true, true, true, true, true], "poison_readback_all_7": true, "after_poison_eq_obs_j": true, "after_poison_has_7": false, "smi_bench_before": {"t": "2026-10-01 12:31:25", "aiclk": "1350", "power": " 66.0", "temp": "59.9"}, "witness_call": {"time_ns_s": 1.678171165, "monotonic_s": 1.678173239, "sum_perf_counter_s": 1.6781301969313063, "wall_start_epoch": 1790825485.68054}, "witness_replay": {"time_ns_s": 1.622957101, "sum_perf_counter_s": 1.6229206818970852}, "replays_in_10s_time_time": 185, "smi_bench_after": {"t": "2026-10-01 12:31:39", "aiclk": "1350", "power": " 69.0", "temp": "63.9"}, "after_bench_eq_first": true, "megakernel_l1": {"total_per_bank": 1371136, "allocated_per_bank": 117248, "largest_free_per_bank": 1253888, "cb_union": 1156768}, "t1": "2026-10-01 12:31:39", "call_median": 55.94896350521594, "replay_median": 54.110197990667075}
2026-10-01 12:31:40.671 | info     |    BuildKernels | JIT cache stats: 150/150 hits (100.0%) [150 cached, 24 build-once dedup, 0 merged artifacts, 0 merged genfiles] (build_cache_telemetry.cpp:268)
2026-10-01 12:31:40.671 | info     |    BuildKernels | JIT telemetry: 33 registered TelemetryTokens (build_cache_telemetry.cpp:325)
2026-10-01 12:31:40.673 | info     |          Device | Closing user mode device drivers (tt_cluster.cpp:550)
2026-10-01 12:31:40.673 | info     |             UMD | Closing devices in cluster (cluster.cpp:1302)
2026-10-01 12:31:40.860 | info     |             UMD | Closing devices in cluster completed. (cluster.cpp:1311)
2026-10-01 12:31:40.860 | info     |             UMD | Cluster destructor started. (cluster.cpp:1017)
2026-10-01 12:31:40.860 | info     |             UMD | Cluster destructor completed. (cluster.cpp:1020)
