2026-10-01 12:27:59.436 | DEBUG    | ttnn:<module>:45 - Initial ttnn.CONFIG:
Config{cache_path=/home/deepgadget/.cache/ttnn,model_cache_path=/home/deepgadget/.cache/ttnn/models,tmp_dir=/tmp/ttnn,enable_model_cache=false,enable_fast_runtime_mode=true,validate_program_args=false,throw_exception_on_fallback=false,enable_logging=false,enable_graph_report=false,enable_graph_python_stack_traces=false,enable_detailed_buffer_report=false,enable_detailed_tensor_report=false,enable_comparison_mode=false,comparison_mode_should_raise_exception=false,comparison_mode_pcc=0.9999,root_report_path=generated/ttnn/reports,report_name=std::nullopt,std::nullopt}
2026-10-01 12:27:59.570 | info     |          Device | Opening user mode device driver (tt_cluster.cpp:224)
2026-10-01 12:27:59.570 | info     |             UMD | Cluster constructor started. (cluster.cpp:408)
2026-10-01 12:27:59.571 | info     |             UMD | Creating TopologyDiscovery for architecture: blackhole (topology_discovery.cpp:96)
2026-10-01 12:27:59.571 | info     |             UMD | Starting topology discovery. (topology_discovery.cpp:115)
2026-10-01 12:27:59.574 | info     |             UMD | Established firmware bundle version: 19.12.0 (topology_discovery.cpp:576)
2026-10-01 12:27:59.574 | info     |             UMD | Completed topology discovery. (topology_discovery.cpp:119)
2026-10-01 12:27:59.826 | info     |             UMD | Opening local chip ids/PCIe ids: {0}/[0] and remote chip ids {} (cluster.cpp:175)
2026-10-01 12:27:59.826 | info     |             UMD | IOMMU: disabled (cluster.cpp:149)
2026-10-01 12:27:59.826 | info     |             UMD | KMD version: 2.11.0 (cluster.cpp:152)
2026-10-01 12:27:59.826 | info     |             UMD | Cluster constructor completed. (cluster.cpp:683)
2026-10-01 12:27:59.827 | info     |             UMD | Starting devices in cluster (cluster.cpp:1289)
2026-10-01 12:27:59.893 | info     |             UMD | Starting devices in cluster completed. (cluster.cpp:1297)
2026-10-01 12:28:00.238 | info     |     Distributed | Using auto discovery to generate mesh graph. (metal_env.cpp:422)
2026-10-01 12:28:00.238 | info     |     Distributed | Constructing control plane using auto-discovery (no mesh graph descriptor). (metal_env.cpp:484)
2026-10-01 12:28:00.238 | warning  |          Always | Unknown motherboard 'ProArt X870E-CREATOR WIFI' for chip_id=0 (bus_id=0x3) — falling back to bus_id as tray_id. Add this motherboard and its bus IDs to mobo_to_bus_ids in physical_system_discovery.cpp. (physical_system_discovery.cpp:119)
2026-10-01 12:28:00.238 | info     |          Fabric | Logical multi-mesh adjacency: intermesh degree histogram {0:1}; intra-mesh degree histograms mesh0 {0:1} (topology_mapper_utils.cpp:3190)
2026-10-01 12:28:00.238 | info     |          Fabric | Physical multi-mesh adjacency: intermesh degree histogram {0:1}; intra-mesh degree histograms mesh0 {0:1} (topology_mapper_utils.cpp:3198)
2026-10-01 12:28:00.343 | info     |           Metal | Enabling program cache on MeshDevice 1 (mesh_device.cpp:1176)
[pi0.5] expert adaRMS norms folded into per-step weights in 3.6s
2026-10-01 12:28:49.362 | warning  |           Metal | Allocating device buffers is potentially unsafe due to the existence of an active trace. These buffers may be corrupted once a trace is executed if they are not released before then. Use the trace allocation tracker to verify. (allocator.cpp:136)
2026-10-01 12:28:49 siglip {'ms_1layer_Rreps': 5.405543954111636, 'ms_nlayers_Rreps': 96.95498901419342, 'n_layers': 27, 'ms_1layer_1rep': 1.8407950410619378, 'per_layer_us_marginal': 352.1132502310837, 'per_layer_us_naive_nlayers': 359.0925519044201, 'engine_stamps_present': 8}
2026-10-01 12:28:51 vlm {'ms_1layer_Rreps': 17.038200981914997, 'ms_nlayers_Rreps': 261.12970197573304, 'n_layers': 17, 'ms_1layer_1rep': 3.000147989951074, 'per_layer_us_marginal': 1525.5718812113628, 'per_layer_us_naive_nlayers': 1536.0570704454885, 'engine_stamps_present': 8}
2026-10-01 12:28:52 prefix {'ms_Rreps': 359.11381599726155, 'ms_1rep': 37.45305701158941, 'per_rep_ms_marginal': 35.74008433174135, 'all': [359.08402100903913, 359.33496296638623, 359.11381599726155]}
RESULT {"t0": "2026-10-01 12:28:00", "shape": "libero", "reps": 10, "timing": {"siglip": {"ms_1layer_Rreps": 5.405543954111636, "ms_nlayers_Rreps": 96.95498901419342, "n_layers": 27, "all_1": [5.453935998957604, 5.405543954111636, 5.538875993806869, 5.398000997956842, 5.0852319691330194], "all_n": [97.0418420038186, 96.95692197419703, 96.94235504139215, 96.86755400616676, 96.95498901419342], "ms_1layer_1rep": 1.8407950410619378, "per_layer_us_marginal": 352.1132502310837, "per_layer_us_naive_nlayers": 359.0925519044201, "engine_stamps_present": 8}, "vlm": {"ms_1layer_Rreps": 17.038200981914997, "ms_nlayers_Rreps": 261.12970197573304, "n_layers": 17, "all_1": [17.03781000105664, 17.080509976949543, 17.04633596818894, 17.038200981914997, 16.995450016111135], "all_n": [260.51520701730624, 260.81137399887666, 261.1619040253572, 261.2954750075005, 261.12970197573304], "ms_1layer_1rep": 3.000147989951074, "per_layer_us_marginal": 1525.5718812113628, "per_layer_us_naive_nlayers": 1536.0570704454885, "engine_stamps_present": 8}, "prefix": {"ms_Rreps": 359.11381599726155, "ms_1rep": 37.45305701158941, "per_rep_ms_marginal": 35.74008433174135, "all": [359.08402100903913, 359.33496296638623, 359.11381599726155]}}, "after_eq_before": true, "t1": "2026-10-01 12:28:52"}
2026-10-01 12:28:53.326 | info     |    BuildKernels | JIT cache stats: 150/155 hits (96.8%) [150 cached, 24 build-once dedup, 0 merged artifacts, 0 merged genfiles] (build_cache_telemetry.cpp:268)
2026-10-01 12:28:53.326 | info     |    BuildKernels | JIT telemetry: 43 registered TelemetryTokens (build_cache_telemetry.cpp:325)
2026-10-01 12:28:53.329 | info     |          Device | Closing user mode device drivers (tt_cluster.cpp:550)
2026-10-01 12:28:53.329 | info     |             UMD | Closing devices in cluster (cluster.cpp:1302)
2026-10-01 12:28:53.531 | info     |             UMD | Closing devices in cluster completed. (cluster.cpp:1311)
2026-10-01 12:28:53.531 | info     |             UMD | Cluster destructor started. (cluster.cpp:1017)
2026-10-01 12:28:53.531 | info     |             UMD | Cluster destructor completed. (cluster.cpp:1020)
