2026-10-01 12:08:20.370 | DEBUG    | ttnn:<module>:45 - Initial ttnn.CONFIG:
Config{cache_path=/home/deepgadget/.cache/ttnn,model_cache_path=/home/deepgadget/.cache/ttnn/models,tmp_dir=/tmp/ttnn,enable_model_cache=false,enable_fast_runtime_mode=true,validate_program_args=false,throw_exception_on_fallback=false,enable_logging=false,enable_graph_report=false,enable_graph_python_stack_traces=false,enable_detailed_buffer_report=false,enable_detailed_tensor_report=false,enable_comparison_mode=false,comparison_mode_should_raise_exception=false,comparison_mode_pcc=0.9999,root_report_path=generated/ttnn/reports,report_name=std::nullopt,std::nullopt}
2026-10-01 12:08:20.577 | info     |          Device | Opening user mode device driver (tt_cluster.cpp:224)
2026-10-01 12:08:20.577 | warning  |          Device | Currently using mock cluster descriptor, all device driver calls will be mocked (tt_cluster.cpp:247)
2026-10-01 12:08:20.578 | info     |             UMD | Cluster constructor started. (cluster.cpp:408)
2026-10-01 12:08:20.578 | info     |             UMD | Cluster constructor completed. (cluster.cpp:683)
2026-10-01 12:08:20.578 | info     |             UMD | Starting devices in cluster (cluster.cpp:1289)
2026-10-01 12:08:20.579 | info     |             UMD | Starting devices in cluster completed. (cluster.cpp:1297)
2026-10-01 12:08:20.846 | info     |     Distributed | Using auto discovery to generate mesh graph. (metal_env.cpp:422)
2026-10-01 12:08:20.846 | info     |     Distributed | Constructing control plane using auto-discovery (no mesh graph descriptor). (metal_env.cpp:484)
2026-10-01 12:08:20.846 | info     |          Fabric | Logical multi-mesh adjacency: intermesh degree histogram {0:1}; intra-mesh degree histograms mesh0 {0:1} (topology_mapper_utils.cpp:3190)
2026-10-01 12:08:20.846 | info     |          Fabric | Physical multi-mesh adjacency: intermesh degree histogram {0:1}; intra-mesh degree histograms mesh0 {0:1} (topology_mapper_utils.cpp:3198)
2026-10-01 12:08:20.853 | info     |           Metal | Skipping host-side CQ initialization for mock devices (command_queue_initializer.cpp:27)
2026-10-01 12:08:20.854 | info     |           Metal | Skipping dispatch firmware initialization for mock devices (dispatch_kernel_initializer.cpp:74)
2026-10-01 12:08:20.854 | info     |           Metal | Skipping fabric configure (router sync) for mock/emule devices (fabric_firmware_initializer.cpp:339)
2026-10-01 12:08:24.167 | info     |           Metal | Skipping fabric teardown for mock/emule devices (fabric_firmware_initializer.cpp:354)
RESULT {"shape": "base", "t0": "2026-10-01 12:08:20", "kernel_digest": "4aa02cdf21ed0c94", "args": [{"src": "whole_ncrisc.cpp", "rt_max": 76, "rt_min_core": 76, "common": 204, "n_cores": 110, "n_ct": 33}, {"src": "whole_brisc.cpp", "rt_max": 76, "rt_min_core": 76, "common": 141, "n_cores": 110, "n_ct": 33}, {"src": "whole_trisc.cpp", "rt_max": 43, "rt_min_core": 76, "common": 103, "n_cores": 110, "n_ct": 33}], "n_cbs_ids": 63, "cb_ids": [0, 1, 2, 3, 4, 5, 6, 7, 8, 9, 10, 11, 12, 13, 14, 15, 16, 17, 18, 19, 20, 21, 22, 23, 24, 25, 26, 27, 28, 29, 30, 31, 32, 33, 34, 35, 36, 37, 38, 39, 40, 41, 42, 43, 44, 45, 46, 47, 48, 49, 50, 51, 52, 53, 54, 55, 56, 57, 58, 59, 60, 61, 62], "compile_s": 2.2, "n_whole_elfs": 5, "footprint": {"binaries_load": 124992, "binaries_alloc": 124992, "args_bytes": 2572, "cb_bytes": 1008, "sem_bytes": 64, "total_load": 128636, "total_alloc": 128636, "gate": 131072, "ring": 136192, "pass": true}}
2026-10-01 12:08:24.751 | info     |    BuildKernels | JIT cache stats: 0/5 hits (0.0%) [0 cached, 0 build-once dedup, 0 merged artifacts, 0 merged genfiles] (build_cache_telemetry.cpp:268)
2026-10-01 12:08:24.751 | info     |    BuildKernels | JIT telemetry: 35 registered TelemetryTokens (build_cache_telemetry.cpp:325)
2026-10-01 12:08:24.751 | info     |          Device | Closing user mode device drivers (tt_cluster.cpp:550)
2026-10-01 12:08:24.751 | info     |             UMD | Closing devices in cluster (cluster.cpp:1302)
2026-10-01 12:08:24.751 | info     |             UMD | Closing devices in cluster completed. (cluster.cpp:1311)
2026-10-01 12:08:24.751 | info     |             UMD | Cluster destructor started. (cluster.cpp:1017)
2026-10-01 12:08:24.751 | info     |             UMD | Cluster destructor completed. (cluster.cpp:1020)
