2026-09-30 18:57:13.393 | DEBUG    | ttnn:<module>:45 - Initial ttnn.CONFIG:
Config{cache_path=/home/deepgadget/.cache/ttnn,model_cache_path=/home/deepgadget/.cache/ttnn/models,tmp_dir=/tmp/ttnn,enable_model_cache=false,enable_fast_runtime_mode=true,validate_program_args=false,throw_exception_on_fallback=false,enable_logging=false,enable_graph_report=false,enable_graph_python_stack_traces=false,enable_detailed_buffer_report=false,enable_detailed_tensor_report=false,enable_comparison_mode=false,comparison_mode_should_raise_exception=false,comparison_mode_pcc=0.9999,root_report_path=generated/ttnn/reports,report_name=std::nullopt,std::nullopt}
2026-09-30 18:57:13.439 | info     |          Device | Opening user mode device driver (tt_cluster.cpp:224)
2026-09-30 18:57:13.439 | warning  |          Device | Currently using mock cluster descriptor, all device driver calls will be mocked (tt_cluster.cpp:247)
2026-09-30 18:57:13.439 | info     |             UMD | Cluster constructor started. (cluster.cpp:408)
2026-09-30 18:57:13.440 | info     |             UMD | Cluster constructor completed. (cluster.cpp:683)
2026-09-30 18:57:13.440 | info     |             UMD | Starting devices in cluster (cluster.cpp:1289)
2026-09-30 18:57:13.440 | info     |             UMD | Starting devices in cluster completed. (cluster.cpp:1297)
2026-09-30 18:57:13.703 | info     |     Distributed | Using auto discovery to generate mesh graph. (metal_env.cpp:422)
2026-09-30 18:57:13.703 | info     |     Distributed | Constructing control plane using auto-discovery (no mesh graph descriptor). (metal_env.cpp:484)
2026-09-30 18:57:13.703 | info     |          Fabric | Logical multi-mesh adjacency: intermesh degree histogram {0:1}; intra-mesh degree histograms mesh0 {0:1} (topology_mapper_utils.cpp:3190)
2026-09-30 18:57:13.703 | info     |          Fabric | Physical multi-mesh adjacency: intermesh degree histogram {0:1}; intra-mesh degree histograms mesh0 {0:1} (topology_mapper_utils.cpp:3198)
2026-09-30 18:57:13.708 | info     |           Metal | Skipping host-side CQ initialization for mock devices (command_queue_initializer.cpp:27)
2026-09-30 18:57:13.708 | info     |           Metal | Skipping dispatch firmware initialization for mock devices (dispatch_kernel_initializer.cpp:74)
2026-09-30 18:57:13.708 | info     |           Metal | Skipping fabric configure (router sync) for mock/emule devices (fabric_firmware_initializer.cpp:339)
2026-09-30 18:57:16.284 | info     |           Metal | Skipping fabric teardown for mock/emule devices (fabric_firmware_initializer.cpp:354)
{"binaries": {"brisc": 28944, "ncrisc": 15840, "trisc0": 35680, "trisc1": 30528, "trisc2": 14688}, "args_bytes": 3444, "cb_config_bytes": 1008, "total_bytes": 130196, "ring_bytes": 136192, "gate_bytes": 131072, "fits_gate": true, "shape": "base", "compile_s": 1.8, "arena_bytes": 1156192, "need": 955776, "tail": 64}
2026-09-30 18:57:16.627 | info     |    BuildKernels | JIT cache stats: 0/5 hits (0.0%) [0 cached, 0 build-once dedup, 0 merged artifacts, 0 merged genfiles] (build_cache_telemetry.cpp:268)
2026-09-30 18:57:16.627 | info     |    BuildKernels | JIT telemetry: 36 registered TelemetryTokens (build_cache_telemetry.cpp:325)
2026-09-30 18:57:16.628 | info     |          Device | Closing user mode device drivers (tt_cluster.cpp:550)
2026-09-30 18:57:16.628 | info     |             UMD | Closing devices in cluster (cluster.cpp:1302)
2026-09-30 18:57:16.628 | info     |             UMD | Closing devices in cluster completed. (cluster.cpp:1311)
2026-09-30 18:57:16.628 | info     |             UMD | Cluster destructor started. (cluster.cpp:1017)
2026-09-30 18:57:16.628 | info     |             UMD | Cluster destructor completed. (cluster.cpp:1020)
